[33mÔØ»[39m Building...
[32mÔ£ö[39m Building...
Application bundle generation failed. [1.842 seconds]

node.exe : [1m[31m[31mX [41;31m[[41;97mERROR[41;31m][0m [1mNG5002: 
Parser Error: Missing expected ) at column 38 in [onInputChange('name', 
($event.target as HTMLInputElement).value)] in C:\Users\nicla\Documents\coding\
Personal-Website\src\app\pages\contact\contact.component.html@51:19[0m 
[1m[35m[plugin angular-compiler][0m
At line:1 char:1
+ & "C:\Program Files\nodejs/node.exe" "C:\Program Files\nodejs/node_mo ...
+ ~~~~~~~~~~~~~~~~~~~~~~~~~~~~~~~~~~~~~~~~~~~~~~~~~~~~~~~~~~~~~~~~~~~~~
    + CategoryInfo          : NotSpecified: ([1m[31m[31mX...r-compiler][0m 
   :String) [], RemoteException
    + FullyQualifiedErrorId : NativeCommandError
 

    src/app/pages/contact/contact.component.html:52:19:
[37m      52 Ôöé ... (input)="[32monInputChange('name', ($event.target as 
HTMLInputElem[37m...
         ÔòÁ              
[32m~~~~~~~~~~~~~~~~~~~~~~~~~~~~~~~~~~~~~~~~~~~~~~~~~~~~~[0m

  Error occurs in the template of component ContactComponent.

    src/app/pages/contact/contact.component.ts:13:15:
[37m      13 Ôöé   templateUrl: [32m'./contact.component.html'[37m,
         ÔòÁ                [32m~~~~~~~~~~~~~~~~~~~~~~~~~~[0m


[31mX [41;31m[[41;97mERROR[41;31m][0m [1mNG5002: Parser Error: 
Unexpected token ')' at column 64 in [onInputChange('name', ($event.target as 
HTMLInputElement).value)] in C:\Users\nicla\Documents\coding\Personal-Website\s
rc\app\pages\contact\contact.component.html@51:19[0m [1m[35m[plugin 
angular-compiler][0m

    src/app/pages/contact/contact.component.html:52:19:
[37m      52 Ôöé ... (input)="[32monInputChange('name', ($event.target as 
HTMLInputElem[37m...
         ÔòÁ              
[32m~~~~~~~~~~~~~~~~~~~~~~~~~~~~~~~~~~~~~~~~~~~~~~~~~~~~~[0m

  Error occurs in the template of component ContactComponent.

    src/app/pages/contact/contact.component.ts:13:15:
[37m      13 Ôöé   templateUrl: [32m'./contact.component.html'[37m,
         ÔòÁ                [32m~~~~~~~~~~~~~~~~~~~~~~~~~~[0m


[31mX [41;31m[[41;97mERROR[41;31m][0m [1mNG5: Argument of type 
'EventTarget | null' is not assignable to parameter of type 'string'.
  Type 'null' is not assignable to type 'string'.[0m [1m[35m[plugin 
angular-compiler][0m

    src/app/pages/contact/contact.component.html:52:49:
[37m      52 Ôöé ..."onInputChange('name', ($event.[32mtarget[37m as 
HTMLInputElement).value)"
         ÔòÁ                                   [32m~~~~~~[0m

  Error occurs in the template of component ContactComponent.

    src/app/pages/contact/contact.component.ts:13:15:
[37m      13 Ôöé   templateUrl: [32m'./contact.component.html'[37m,
         ÔòÁ                [32m~~~~~~~~~~~~~~~~~~~~~~~~~~[0m


[31mX [41;31m[[41;97mERROR[41;31m][0m [1mNG9: Property 'value' does not 
exist on type 'void'.[0m [1m[35m[plugin angular-compiler][0m

    src/app/pages/contact/contact.component.html:52:77:
[37m      52 Ôöé ..."onInputChange('name', ($event.target as 
HTMLInputElement).[32mvalue[37m)"
         ÔòÁ                                                               
[32m~~~~~[0m

  Error occurs in the template of component ContactComponent.

    src/app/pages/contact/contact.component.ts:13:15:
[37m      13 Ôöé   templateUrl: [32m'./contact.component.html'[37m,
         ÔòÁ                [32m~~~~~~~~~~~~~~~~~~~~~~~~~~[0m


[31mX [41;31m[[41;97mERROR[41;31m][0m [1mNG5002: Parser Error: Missing 
expected ) at column 38 in [onInputChange('name', ($event.target as 
HTMLInputElement).value)] in C:\Users\nicla\Documents\coding\Personal-Website\s
rc\app\pages\contact\contact.component.html@51:19[0m [1m[35m[plugin 
angular-compiler][0m

    src/app/pages/contact/contact.component.html:55:30:
[37m      55 Ôöé           [class.is-invalid]="[32merrors['name'][37m"
         ÔòÁ                               [32m~~~~~~~~~~~~~~[0m

  Error occurs in the template of component ContactComponent.

    src/app/pages/contact/contact.component.ts:13:15:
[37m      13 Ôöé   templateUrl: [32m'./contact.component.html'[37m,
         ÔòÁ                [32m~~~~~~~~~~~~~~~~~~~~~~~~~~[0m


[31mX [41;31m[[41;97mERROR[41;31m][0m [1mNG5002: Parser Error: 
Unexpected token ')' at column 64 in [onInputChange('name', ($event.target as 
HTMLInputElement).value)] in C:\Users\nicla\Documents\coding\Personal-Website\s
rc\app\pages\contact\contact.component.html@51:19[0m [1m[35m[plugin 
angular-compiler][0m

    src/app/pages/contact/contact.component.html:55:30:
[37m      55 Ôöé           [class.is-invalid]="[32merrors['name'][37m"
         ÔòÁ                               [32m~~~~~~~~~~~~~~[0m

  Error occurs in the template of component ContactComponent.

    src/app/pages/contact/contact.component.ts:13:15:
[37m      13 Ôöé   templateUrl: [32m'./contact.component.html'[37m,
         ÔòÁ                [32m~~~~~~~~~~~~~~~~~~~~~~~~~~[0m


[31mX [41;31m[[41;97mERROR[41;31m][0m [1mNG5002: Parser Error: Missing 
expected ) at column 38 in [onInputChange('name', ($event.target as 
HTMLInputElement).value)] in C:\Users\nicla\Documents\coding\Personal-Website\s
rc\app\pages\contact\contact.component.html@51:19[0m [1m[35m[plugin 
angular-compiler][0m

    src/app/pages/contact/contact.component.html:58:35:
[37m      58 Ôöé         <div class="error-message" 
[32m*ngIf="errors['name']"[37m>
         ÔòÁ                                    [32m~~~~~~~~~~~~~~~~~~~~~~[0m

  Error occurs in the template of component ContactComponent.

    src/app/pages/contact/contact.component.ts:13:15:
[37m      13 Ôöé   templateUrl: [32m'./contact.component.html'[37m,
         ÔòÁ                [32m~~~~~~~~~~~~~~~~~~~~~~~~~~[0m


[31mX [41;31m[[41;97mERROR[41;31m][0m [1mNG5002: Parser Error: 
Unexpected token ')' at column 64 in [onInputChange('name', ($event.target as 
HTMLInputElement).value)] in C:\Users\nicla\Documents\coding\Personal-Website\s
rc\app\pages\contact\contact.component.html@51:19[0m [1m[35m[plugin 
angular-compiler][0m

    src/app/pages/contact/contact.component.html:58:35:
[37m      58 Ôöé         <div class="error-message" 
[32m*ngIf="errors['name']"[37m>
         ÔòÁ                                    [32m~~~~~~~~~~~~~~~~~~~~~~[0m

  Error occurs in the template of component ContactComponent.

    src/app/pages/contact/contact.component.ts:13:15:
[37m      13 Ôöé   templateUrl: [32m'./contact.component.html'[37m,
         ÔòÁ                [32m~~~~~~~~~~~~~~~~~~~~~~~~~~[0m


[31mX [41;31m[[41;97mERROR[41;31m][0m [1mNG5002: Parser Error: Missing 
expected ) at column 38 in [onInputChange('name', ($event.target as 
HTMLInputElement).value)] in C:\Users\nicla\Documents\coding\Personal-Website\s
rc\app\pages\contact\contact.component.html@51:19[0m [1m[35m[plugin 
angular-compiler][0m

    src/app/pages/contact/contact.component.html:59:10:
[37m      59 Ôöé           [32m{{ errors['name'] }}[37m
         ÔòÁ           [32m~~~~~~~~~~~~~~~~~~~~[0m

  Error occurs in the template of component ContactComponent.

    src/app/pages/contact/contact.component.ts:13:15:
[37m      13 Ôöé   templateUrl: [32m'./contact.component.html'[37m,
         ÔòÁ                [32m~~~~~~~~~~~~~~~~~~~~~~~~~~[0m


[31mX [41;31m[[41;97mERROR[41;31m][0m [1mNG5002: Parser Error: 
Unexpected token ')' at column 64 in [onInputChange('name', ($event.target as 
HTMLInputElement).value)] in C:\Users\nicla\Documents\coding\Personal-Website\s
rc\app\pages\contact\contact.component.html@51:19[0m [1m[35m[plugin 
angular-compiler][0m

    src/app/pages/contact/contact.component.html:59:10:
[37m      59 Ôöé           [32m{{ errors['name'] }}[37m
         ÔòÁ           [32m~~~~~~~~~~~~~~~~~~~~[0m

  Error occurs in the template of component ContactComponent.

    src/app/pages/contact/contact.component.ts:13:15:
[37m      13 Ôöé   templateUrl: [32m'./contact.component.html'[37m,
         ÔòÁ                [32m~~~~~~~~~~~~~~~~~~~~~~~~~~[0m


[31mX [41;31m[[41;97mERROR[41;31m][0m [1mNG5002: Parser Error: Missing 
expected ) at column 38 in [onInputChange('name', ($event.target as 
HTMLInputElement).value)] in C:\Users\nicla\Documents\coding\Personal-Website\s
rc\app\pages\contact\contact.component.html@51:19[0m [1m[35m[plugin 
angular-compiler][0m

    src/app/pages/contact/contact.component.html:68:19:
[37m      68 Ôöé           [value]="[32memail[37m"
         ÔòÁ                    [32m~~~~~[0m

  Error occurs in the template of component ContactComponent.

    src/app/pages/contact/contact.component.ts:13:15:
[37m      13 Ôöé   templateUrl: [32m'./contact.component.html'[37m,
         ÔòÁ                [32m~~~~~~~~~~~~~~~~~~~~~~~~~~[0m


[31mX [41;31m[[41;97mERROR[41;31m][0m [1mNG5002: Parser Error: 
Unexpected token ')' at column 64 in [onInputChange('name', ($event.target as 
HTMLInputElement).value)] in C:\Users\nicla\Documents\coding\Personal-Website\s
rc\app\pages\contact\contact.component.html@51:19[0m [1m[35m[plugin 
angular-compiler][0m

    src/app/pages/contact/contact.component.html:68:19:
[37m      68 Ôöé           [value]="[32memail[37m"
         ÔòÁ                    [32m~~~~~[0m

  Error occurs in the template of component ContactComponent.

    src/app/pages/contact/contact.component.ts:13:15:
[37m      13 Ôöé   templateUrl: [32m'./contact.component.html'[37m,
         ÔòÁ                [32m~~~~~~~~~~~~~~~~~~~~~~~~~~[0m


[31mX [41;31m[[41;97mERROR[41;31m][0m [1mNG5002: Parser Error: Missing 
expected ) at column 38 in [onInputChange('name', ($event.target as 
HTMLInputElement).value)] in C:\Users\nicla\Documents\coding\Personal-Website\s
rc\app\pages\contact\contact.component.html@51:19[0m [1m[35m[plugin 
angular-compiler][0m

    src/app/pages/contact/contact.component.html:69:19:
[37m      69 Ôöé ... (input)="[32monInputChange('email', ($event.target as 
HTMLInputEle[37m...
         ÔòÁ              
[32m~~~~~~~~~~~~~~~~~~~~~~~~~~~~~~~~~~~~~~~~~~~~~~~~~~~~~[0m

  Error occurs in the template of component ContactComponent.

    src/app/pages/contact/contact.component.ts:13:15:
[37m      13 Ôöé   templateUrl: [32m'./contact.component.html'[37m,
         ÔòÁ                [32m~~~~~~~~~~~~~~~~~~~~~~~~~~[0m


[31mX [41;31m[[41;97mERROR[41;31m][0m [1mNG5002: Parser Error: Missing 
expected ) at column 39 in [onInputChange('email', ($event.target as 
HTMLInputElement).value)] in C:\Users\nicla\Documents\coding\Personal-Website\s
rc\app\pages\contact\contact.component.html@68:19[0m [1m[35m[plugin 
angular-compiler][0m

    src/app/pages/contact/contact.component.html:69:19:
[37m      69 Ôöé ... (input)="[32monInputChange('email', ($event.target as 
HTMLInputEle[37m...
         ÔòÁ              
[32m~~~~~~~~~~~~~~~~~~~~~~~~~~~~~~~~~~~~~~~~~~~~~~~~~~~~~[0m

  Error occurs in the template of component ContactComponent.

    src/app/pages/contact/contact.component.ts:13:15:
[37m      13 Ôöé   templateUrl: [32m'./contact.component.html'[37m,
         ÔòÁ                [32m~~~~~~~~~~~~~~~~~~~~~~~~~~[0m


[31mX [41;31m[[41;97mERROR[41;31m][0m [1mNG5002: Parser Error: 
Unexpected token ')' at column 64 in [onInputChange('name', ($event.target as 
HTMLInputElement).value)] in C:\Users\nicla\Documents\coding\Personal-Website\s
rc\app\pages\contact\contact.component.html@51:19[0m [1m[35m[plugin 
angular-compiler][0m

    src/app/pages/contact/contact.component.html:69:19:
[37m      69 Ôöé ... (input)="[32monInputChange('email', ($event.target as 
HTMLInputEle[37m...
         ÔòÁ              
[32m~~~~~~~~~~~~~~~~~~~~~~~~~~~~~~~~~~~~~~~~~~~~~~~~~~~~~[0m

  Error occurs in the template of component ContactComponent.

    src/app/pages/contact/contact.component.ts:13:15:
[37m      13 Ôöé   templateUrl: [32m'./contact.component.html'[37m,
         ÔòÁ                [32m~~~~~~~~~~~~~~~~~~~~~~~~~~[0m


[31mX [41;31m[[41;97mERROR[41;31m][0m [1mNG5002: Parser Error: 
Unexpected token ')' at column 65 in [onInputChange('email', ($event.target as 
HTMLInputElement).value)] in C:\Users\nicla\Documents\coding\Personal-Website\s
rc\app\pages\contact\contact.component.html@68:19[0m [1m[35m[plugin 
angular-compiler][0m

    src/app/pages/contact/contact.component.html:69:19:
[37m      69 Ôöé ... (input)="[32monInputChange('email', ($event.target as 
HTMLInputEle[37m...
         ÔòÁ              
[32m~~~~~~~~~~~~~~~~~~~~~~~~~~~~~~~~~~~~~~~~~~~~~~~~~~~~~[0m

  Error occurs in the template of component ContactComponent.

    src/app/pages/contact/contact.component.ts:13:15:
[37m      13 Ôöé   templateUrl: [32m'./contact.component.html'[37m,
         ÔòÁ                [32m~~~~~~~~~~~~~~~~~~~~~~~~~~[0m


[31mX [41;31m[[41;97mERROR[41;31m][0m [1mNG5: Argument of type 
'EventTarget | null' is not assignable to parameter of type 'string'.
  Type 'null' is not assignable to type 'string'.[0m [1m[35m[plugin 
angular-compiler][0m

    src/app/pages/contact/contact.component.html:69:50:
[37m      69 Ôöé ...onInputChange('email', ($event.[32mtarget[37m as 
HTMLInputElement).value)"
         ÔòÁ                                   [32m~~~~~~[0m

  Error occurs in the template of component ContactComponent.

    src/app/pages/contact/contact.component.ts:13:15:
[37m      13 Ôöé   templateUrl: [32m'./contact.component.html'[37m,
         ÔòÁ                [32m~~~~~~~~~~~~~~~~~~~~~~~~~~[0m


[31mX [41;31m[[41;97mERROR[41;31m][0m [1mNG9: Property 'value' does not 
exist on type 'void'.[0m [1m[35m[plugin angular-compiler][0m

    src/app/pages/contact/contact.component.html:69:78:
[37m      69 Ôöé ...onInputChange('email', ($event.target as 
HTMLInputElement).[32mvalue[37m)"
         ÔòÁ                                                               
[32m~~~~~[0m

  Error occurs in the template of component ContactComponent.

    src/app/pages/contact/contact.component.ts:13:15:
[37m      13 Ôöé   templateUrl: [32m'./contact.component.html'[37m,
         ÔòÁ                [32m~~~~~~~~~~~~~~~~~~~~~~~~~~[0m


[31mX [41;31m[[41;97mERROR[41;31m][0m [1mNG5002: Parser Error: Missing 
expected ) at column 38 in [onInputChange('name', ($event.target as 
HTMLInputElement).value)] in C:\Users\nicla\Documents\coding\Personal-Website\s
rc\app\pages\contact\contact.component.html@51:19[0m [1m[35m[plugin 
angular-compiler][0m

    src/app/pages/contact/contact.component.html:72:30:
[37m      72 Ôöé           [class.is-invalid]="[32merrors['email'][37m"
         ÔòÁ                               [32m~~~~~~~~~~~~~~~[0m

  Error occurs in the template of component ContactComponent.

    src/app/pages/contact/contact.component.ts:13:15:
[37m      13 Ôöé   templateUrl: [32m'./contact.component.html'[37m,
         ÔòÁ                [32m~~~~~~~~~~~~~~~~~~~~~~~~~~[0m


[31mX [41;31m[[41;97mERROR[41;31m][0m [1mNG5002: Parser Error: Missing 
expected ) at column 39 in [onInputChange('email', ($event.target as 
HTMLInputElement).value)] in C:\Users\nicla\Documents\coding\Personal-Website\s
rc\app\pages\contact\contact.component.html@68:19[0m [1m[35m[plugin 
angular-compiler][0m

    src/app/pages/contact/contact.component.html:72:30:
[37m      72 Ôöé           [class.is-invalid]="[32merrors['email'][37m"
         ÔòÁ                               [32m~~~~~~~~~~~~~~~[0m

  Error occurs in the template of component ContactComponent.

    src/app/pages/contact/contact.component.ts:13:15:
[37m      13 Ôöé   templateUrl: [32m'./contact.component.html'[37m,
         ÔòÁ                [32m~~~~~~~~~~~~~~~~~~~~~~~~~~[0m


[31mX [41;31m[[41;97mERROR[41;31m][0m [1mNG5002: Parser Error: 
Unexpected token ')' at column 64 in [onInputChange('name', ($event.target as 
HTMLInputElement).value)] in C:\Users\nicla\Documents\coding\Personal-Website\s
rc\app\pages\contact\contact.component.html@51:19[0m [1m[35m[plugin 
angular-compiler][0m

    src/app/pages/contact/contact.component.html:72:30:
[37m      72 Ôöé           [class.is-invalid]="[32merrors['email'][37m"
         ÔòÁ                               [32m~~~~~~~~~~~~~~~[0m

  Error occurs in the template of component ContactComponent.

    src/app/pages/contact/contact.component.ts:13:15:
[37m      13 Ôöé   templateUrl: [32m'./contact.component.html'[37m,
         ÔòÁ                [32m~~~~~~~~~~~~~~~~~~~~~~~~~~[0m


[31mX [41;31m[[41;97mERROR[41;31m][0m [1mNG5002: Parser Error: 
Unexpected token ')' at column 65 in [onInputChange('email', ($event.target as 
HTMLInputElement).value)] in C:\Users\nicla\Documents\coding\Personal-Website\s
rc\app\pages\contact\contact.component.html@68:19[0m [1m[35m[plugin 
angular-compiler][0m

    src/app/pages/contact/contact.component.html:72:30:
[37m      72 Ôöé           [class.is-invalid]="[32merrors['email'][37m"
         ÔòÁ                               [32m~~~~~~~~~~~~~~~[0m

  Error occurs in the template of component ContactComponent.

    src/app/pages/contact/contact.component.ts:13:15:
[37m      13 Ôöé   templateUrl: [32m'./contact.component.html'[37m,
         ÔòÁ                [32m~~~~~~~~~~~~~~~~~~~~~~~~~~[0m


[31mX [41;31m[[41;97mERROR[41;31m][0m [1mNG5002: Parser Error: Missing 
expected ) at column 38 in [onInputChange('name', ($event.target as 
HTMLInputElement).value)] in C:\Users\nicla\Documents\coding\Personal-Website\s
rc\app\pages\contact\contact.component.html@51:19[0m [1m[35m[plugin 
angular-compiler][0m

    src/app/pages/contact/contact.component.html:75:35:
[37m      75 Ôöé         <div class="error-message" 
[32m*ngIf="errors['email']"[37m>
         ÔòÁ                                    
[32m~~~~~~~~~~~~~~~~~~~~~~~[0m

  Error occurs in the template of component ContactComponent.

    src/app/pages/contact/contact.component.ts:13:15:
[37m      13 Ôöé   templateUrl: [32m'./contact.component.html'[37m,
         ÔòÁ                [32m~~~~~~~~~~~~~~~~~~~~~~~~~~[0m


[31mX [41;31m[[41;97mERROR[41;31m][0m [1mNG5002: Parser Error: Missing 
expected ) at column 39 in [onInputChange('email', ($event.target as 
HTMLInputElement).value)] in C:\Users\nicla\Documents\coding\Personal-Website\s
rc\app\pages\contact\contact.component.html@68:19[0m [1m[35m[plugin 
angular-compiler][0m

    src/app/pages/contact/contact.component.html:75:35:
[37m      75 Ôöé         <div class="error-message" 
[32m*ngIf="errors['email']"[37m>
         ÔòÁ                                    
[32m~~~~~~~~~~~~~~~~~~~~~~~[0m

  Error occurs in the template of component ContactComponent.

    src/app/pages/contact/contact.component.ts:13:15:
[37m      13 Ôöé   templateUrl: [32m'./contact.component.html'[37m,
         ÔòÁ                [32m~~~~~~~~~~~~~~~~~~~~~~~~~~[0m


[31mX [41;31m[[41;97mERROR[41;31m][0m [1mNG5002: Parser Error: 
Unexpected token ')' at column 64 in [onInputChange('name', ($event.target as 
HTMLInputElement).value)] in C:\Users\nicla\Documents\coding\Personal-Website\s
rc\app\pages\contact\contact.component.html@51:19[0m [1m[35m[plugin 
angular-compiler][0m

    src/app/pages/contact/contact.component.html:75:35:
[37m      75 Ôöé         <div class="error-message" 
[32m*ngIf="errors['email']"[37m>
         ÔòÁ                                    
[32m~~~~~~~~~~~~~~~~~~~~~~~[0m

  Error occurs in the template of component ContactComponent.

    src/app/pages/contact/contact.component.ts:13:15:
[37m      13 Ôöé   templateUrl: [32m'./contact.component.html'[37m,
         ÔòÁ                [32m~~~~~~~~~~~~~~~~~~~~~~~~~~[0m


[31mX [41;31m[[41;97mERROR[41;31m][0m [1mNG5002: Parser Error: 
Unexpected token ')' at column 65 in [onInputChange('email', ($event.target as 
HTMLInputElement).value)] in C:\Users\nicla\Documents\coding\Personal-Website\s
rc\app\pages\contact\contact.component.html@68:19[0m [1m[35m[plugin 
angular-compiler][0m

    src/app/pages/contact/contact.component.html:75:35:
[37m      75 Ôöé         <div class="error-message" 
[32m*ngIf="errors['email']"[37m>
         ÔòÁ                                    
[32m~~~~~~~~~~~~~~~~~~~~~~~[0m

  Error occurs in the template of component ContactComponent.

    src/app/pages/contact/contact.component.ts:13:15:
[37m      13 Ôöé   templateUrl: [32m'./contact.component.html'[37m,
         ÔòÁ                [32m~~~~~~~~~~~~~~~~~~~~~~~~~~[0m


[31mX [41;31m[[41;97mERROR[41;31m][0m [1mNG5002: Parser Error: Missing 
expected ) at column 38 in [onInputChange('name', ($event.target as 
HTMLInputElement).value)] in C:\Users\nicla\Documents\coding\Personal-Website\s
rc\app\pages\contact\contact.component.html@51:19[0m [1m[35m[plugin 
angular-compiler][0m

    src/app/pages/contact/contact.component.html:76:10:
[37m      76 Ôöé           [32m{{ errors['email'] }}[37m
         ÔòÁ           [32m~~~~~~~~~~~~~~~~~~~~~[0m

  Error occurs in the template of component ContactComponent.

    src/app/pages/contact/contact.component.ts:13:15:
[37m      13 Ôöé   templateUrl: [32m'./contact.component.html'[37m,
         ÔòÁ                [32m~~~~~~~~~~~~~~~~~~~~~~~~~~[0m


[31mX [41;31m[[41;97mERROR[41;31m][0m [1mNG5002: Parser Error: Missing 
expected ) at column 39 in [onInputChange('email', ($event.target as 
HTMLInputElement).value)] in C:\Users\nicla\Documents\coding\Personal-Website\s
rc\app\pages\contact\contact.component.html@68:19[0m [1m[35m[plugin 
angular-compiler][0m

    src/app/pages/contact/contact.component.html:76:10:
[37m      76 Ôöé           [32m{{ errors['email'] }}[37m
         ÔòÁ           [32m~~~~~~~~~~~~~~~~~~~~~[0m

  Error occurs in the template of component ContactComponent.

    src/app/pages/contact/contact.component.ts:13:15:
[37m      13 Ôöé   templateUrl: [32m'./contact.component.html'[37m,
         ÔòÁ                [32m~~~~~~~~~~~~~~~~~~~~~~~~~~[0m


[31mX [41;31m[[41;97mERROR[41;31m][0m [1mNG5002: Parser Error: 
Unexpected token ')' at column 64 in [onInputChange('name', ($event.target as 
HTMLInputElement).value)] in C:\Users\nicla\Documents\coding\Personal-Website\s
rc\app\pages\contact\contact.component.html@51:19[0m [1m[35m[plugin 
angular-compiler][0m

    src/app/pages/contact/contact.component.html:76:10:
[37m      76 Ôöé           [32m{{ errors['email'] }}[37m
         ÔòÁ           [32m~~~~~~~~~~~~~~~~~~~~~[0m

  Error occurs in the template of component ContactComponent.

    src/app/pages/contact/contact.component.ts:13:15:
[37m      13 Ôöé   templateUrl: [32m'./contact.component.html'[37m,
         ÔòÁ                [32m~~~~~~~~~~~~~~~~~~~~~~~~~~[0m


[31mX [41;31m[[41;97mERROR[41;31m][0m [1mNG5002: Parser Error: 
Unexpected token ')' at column 65 in [onInputChange('email', ($event.target as 
HTMLInputElement).value)] in C:\Users\nicla\Documents\coding\Personal-Website\s
rc\app\pages\contact\contact.component.html@68:19[0m [1m[35m[plugin 
angular-compiler][0m

    src/app/pages/contact/contact.component.html:76:10:
[37m      76 Ôöé           [32m{{ errors['email'] }}[37m
         ÔòÁ           [32m~~~~~~~~~~~~~~~~~~~~~[0m

  Error occurs in the template of component ContactComponent.

    src/app/pages/contact/contact.component.ts:13:15:
[37m      13 Ôöé   templateUrl: [32m'./contact.component.html'[37m,
         ÔòÁ                [32m~~~~~~~~~~~~~~~~~~~~~~~~~~[0m


[31mX [41;31m[[41;97mERROR[41;31m][0m [1mNG5002: Parser Error: Missing 
expected ) at column 38 in [onInputChange('name', ($event.target as 
HTMLInputElement).value)] in C:\Users\nicla\Documents\coding\Personal-Website\s
rc\app\pages\contact\contact.component.html@51:19[0m [1m[35m[plugin 
angular-compiler][0m

    src/app/pages/contact/contact.component.html:84:19:
[37m      84 Ôöé           [value]="[32mmessage[37m"
         ÔòÁ                    [32m~~~~~~~[0m

  Error occurs in the template of component ContactComponent.

    src/app/pages/contact/contact.component.ts:13:15:
[37m      13 Ôöé   templateUrl: [32m'./contact.component.html'[37m,
         ÔòÁ                [32m~~~~~~~~~~~~~~~~~~~~~~~~~~[0m


[31mX [41;31m[[41;97mERROR[41;31m][0m [1mNG5002: Parser Error: Missing 
expected ) at column 39 in [onInputChange('email', ($event.target as 
HTMLInputElement).value)] in C:\Users\nicla\Documents\coding\Personal-Website\s
rc\app\pages\contact\contact.component.html@68:19[0m [1m[35m[plugin 
angular-compiler][0m

    src/app/pages/contact/contact.component.html:84:19:
[37m      84 Ôöé           [value]="[32mmessage[37m"
         ÔòÁ                    [32m~~~~~~~[0m

  Error occurs in the template of component ContactComponent.

    src/app/pages/contact/contact.component.ts:13:15:
[37m      13 Ôöé   templateUrl: [32m'./contact.component.html'[37m,
         ÔòÁ                [32m~~~~~~~~~~~~~~~~~~~~~~~~~~[0m


[31mX [41;31m[[41;97mERROR[41;31m][0m [1mNG5002: Parser Error: 
Unexpected token ')' at column 64 in [onInputChange('name', ($event.target as 
HTMLInputElement).value)] in C:\Users\nicla\Documents\coding\Personal-Website\s
rc\app\pages\contact\contact.component.html@51:19[0m [1m[35m[plugin 
angular-compiler][0m

    src/app/pages/contact/contact.component.html:84:19:
[37m      84 Ôöé           [value]="[32mmessage[37m"
         ÔòÁ                    [32m~~~~~~~[0m

  Error occurs in the template of component ContactComponent.

    src/app/pages/contact/contact.component.ts:13:15:
[37m      13 Ôöé   templateUrl: [32m'./contact.component.html'[37m,
         ÔòÁ                [32m~~~~~~~~~~~~~~~~~~~~~~~~~~[0m


[31mX [41;31m[[41;97mERROR[41;31m][0m [1mNG5002: Parser Error: 
Unexpected token ')' at column 65 in [onInputChange('email', ($event.target as 
HTMLInputElement).value)] in C:\Users\nicla\Documents\coding\Personal-Website\s
rc\app\pages\contact\contact.component.html@68:19[0m [1m[35m[plugin 
angular-compiler][0m

    src/app/pages/contact/contact.component.html:84:19:
[37m      84 Ôöé           [value]="[32mmessage[37m"
         ÔòÁ                    [32m~~~~~~~[0m

  Error occurs in the template of component ContactComponent.

    src/app/pages/contact/contact.component.ts:13:15:
[37m      13 Ôöé   templateUrl: [32m'./contact.component.html'[37m,
         ÔòÁ                [32m~~~~~~~~~~~~~~~~~~~~~~~~~~[0m


[31mX [41;31m[[41;97mERROR[41;31m][0m [1mNG5002: Parser Error: Missing 
expected ) at column 38 in [onInputChange('name', ($event.target as 
HTMLInputElement).value)] in C:\Users\nicla\Documents\coding\Personal-Website\s
rc\app\pages\contact\contact.component.html@51:19[0m [1m[35m[plugin 
angular-compiler][0m

    src/app/pages/contact/contact.component.html:85:19:
[37m      85 Ôöé ... (input)="[32monInputChange('message', ($event.target as 
HTMLTextAr[37m...
         ÔòÁ              
[32m~~~~~~~~~~~~~~~~~~~~~~~~~~~~~~~~~~~~~~~~~~~~~~~~~~~~~[0m

  Error occurs in the template of component ContactComponent.

    src/app/pages/contact/contact.component.ts:13:15:
[37m      13 Ôöé   templateUrl: [32m'./contact.component.html'[37m,
         ÔòÁ                [32m~~~~~~~~~~~~~~~~~~~~~~~~~~[0m


[31mX [41;31m[[41;97mERROR[41;31m][0m [1mNG5002: Parser Error: Missing 
expected ) at column 39 in [onInputChange('email', ($event.target as 
HTMLInputElement).value)] in C:\Users\nicla\Documents\coding\Personal-Website\s
rc\app\pages\contact\contact.component.html@68:19[0m [1m[35m[plugin 
angular-compiler][0m

    src/app/pages/contact/contact.component.html:85:19:
[37m      85 Ôöé ... (input)="[32monInputChange('message', ($event.target as 
HTMLTextAr[37m...
         ÔòÁ              
[32m~~~~~~~~~~~~~~~~~~~~~~~~~~~~~~~~~~~~~~~~~~~~~~~~~~~~~[0m

  Error occurs in the template of component ContactComponent.

    src/app/pages/contact/contact.component.ts:13:15:
[37m      13 Ôöé   templateUrl: [32m'./contact.component.html'[37m,
         ÔòÁ                [32m~~~~~~~~~~~~~~~~~~~~~~~~~~[0m


[31mX [41;31m[[41;97mERROR[41;31m][0m [1mNG5002: Parser Error: Missing 
expected ) at column 41 in [onInputChange('message', ($event.target as 
HTMLTextAreaElement).value)] in C:\Users\nicla\Documents\coding\Personal-Websit
e\src\app\pages\contact\contact.component.html@84:19[0m [1m[35m[plugin 
angular-compiler][0m

    src/app/pages/contact/contact.component.html:85:19:
[37m      85 Ôöé ... (input)="[32monInputChange('message', ($event.target as 
HTMLTextAr[37m...
         ÔòÁ              
[32m~~~~~~~~~~~~~~~~~~~~~~~~~~~~~~~~~~~~~~~~~~~~~~~~~~~~~[0m

  Error occurs in the template of component ContactComponent.

    src/app/pages/contact/contact.component.ts:13:15:
[37m      13 Ôöé   templateUrl: [32m'./contact.component.html'[37m,
         ÔòÁ                [32m~~~~~~~~~~~~~~~~~~~~~~~~~~[0m


[31mX [41;31m[[41;97mERROR[41;31m][0m [1mNG5002: Parser Error: 
Unexpected token ')' at column 64 in [onInputChange('name', ($event.target as 
HTMLInputElement).value)] in C:\Users\nicla\Documents\coding\Personal-Website\s
rc\app\pages\contact\contact.component.html@51:19[0m [1m[35m[plugin 
angular-compiler][0m

    src/app/pages/contact/contact.component.html:85:19:
[37m      85 Ôöé ... (input)="[32monInputChange('message', ($event.target as 
HTMLTextAr[37m...
         ÔòÁ              
[32m~~~~~~~~~~~~~~~~~~~~~~~~~~~~~~~~~~~~~~~~~~~~~~~~~~~~~[0m

  Error occurs in the template of component ContactComponent.

    src/app/pages/contact/contact.component.ts:13:15:
[37m      13 Ôöé   templateUrl: [32m'./contact.component.html'[37m,
         ÔòÁ                [32m~~~~~~~~~~~~~~~~~~~~~~~~~~[0m


[31mX [41;31m[[41;97mERROR[41;31m][0m [1mNG5002: Parser Error: 
Unexpected token ')' at column 65 in [onInputChange('email', ($event.target as 
HTMLInputElement).value)] in C:\Users\nicla\Documents\coding\Personal-Website\s
rc\app\pages\contact\contact.component.html@68:19[0m [1m[35m[plugin 
angular-compiler][0m

    src/app/pages/contact/contact.component.html:85:19:
[37m      85 Ôöé ... (input)="[32monInputChange('message', ($event.target as 
HTMLTextAr[37m...
         ÔòÁ              
[32m~~~~~~~~~~~~~~~~~~~~~~~~~~~~~~~~~~~~~~~~~~~~~~~~~~~~~[0m

  Error occurs in the template of component ContactComponent.

    src/app/pages/contact/contact.component.ts:13:15:
[37m      13 Ôöé   templateUrl: [32m'./contact.component.html'[37m,
         ÔòÁ                [32m~~~~~~~~~~~~~~~~~~~~~~~~~~[0m


[31mX [41;31m[[41;97mERROR[41;31m][0m [1mNG5002: Parser Error: 
Unexpected token ')' at column 70 in [onInputChange('message', ($event.target 
as HTMLTextAreaElement).value)] in C:\Users\nicla\Documents\coding\Personal-Web
site\src\app\pages\contact\contact.component.html@84:19[0m [1m[35m[plugin 
angular-compiler][0m

    src/app/pages/contact/contact.component.html:85:19:
[37m      85 Ôöé ... (input)="[32monInputChange('message', ($event.target as 
HTMLTextAr[37m...
         ÔòÁ              
[32m~~~~~~~~~~~~~~~~~~~~~~~~~~~~~~~~~~~~~~~~~~~~~~~~~~~~~[0m

  Error occurs in the template of component ContactComponent.

    src/app/pages/contact/contact.component.ts:13:15:
[37m      13 Ôöé   templateUrl: [32m'./contact.component.html'[37m,
         ÔòÁ                [32m~~~~~~~~~~~~~~~~~~~~~~~~~~[0m


[31mX [41;31m[[41;97mERROR[41;31m][0m [1mNG5: Argument of type 
'EventTarget | null' is not assignable to parameter of type 'string'.
  Type 'null' is not assignable to type 'string'.[0m [1m[35m[plugin 
angular-compiler][0m

    src/app/pages/contact/contact.component.html:85:52:
[37m      85 Ôöé ...putChange('message', ($event.[32mtarget[37m as 
HTMLTextAreaElement).val...
         ÔòÁ                                 [32m~~~~~~[0m

  Error occurs in the template of component ContactComponent.

    src/app/pages/contact/contact.component.ts:13:15:
[37m      13 Ôöé   templateUrl: [32m'./contact.component.html'[37m,
         ÔòÁ                [32m~~~~~~~~~~~~~~~~~~~~~~~~~~[0m


[31mX [41;31m[[41;97mERROR[41;31m][0m [1mNG9: Property 'value' does not 
exist on type 'void'.[0m [1m[35m[plugin angular-compiler][0m

    src/app/pages/contact/contact.component.html:85:83:
[37m      85 Ôöé ...utChange('message', ($event.target as 
HTMLTextAreaElement).[32mvalue[37m)"
         ÔòÁ                                                               
[32m~~~~~[0m

  Error occurs in the template of component ContactComponent.

    src/app/pages/contact/contact.component.ts:13:15:
[37m      13 Ôöé   templateUrl: [32m'./contact.component.html'[37m,
         ÔòÁ                [32m~~~~~~~~~~~~~~~~~~~~~~~~~~[0m


[31mX [41;31m[[41;97mERROR[41;31m][0m [1mNG5002: Parser Error: Missing 
expected ) at column 38 in [onInputChange('name', ($event.target as 
HTMLInputElement).value)] in C:\Users\nicla\Documents\coding\Personal-Website\s
rc\app\pages\contact\contact.component.html@51:19[0m [1m[35m[plugin 
angular-compiler][0m

    src/app/pages/contact/contact.component.html:88:30:
[37m      88 Ôöé           [class.is-invalid]="[32merrors['message'][37m"
         ÔòÁ                               [32m~~~~~~~~~~~~~~~~~[0m

  Error occurs in the template of component ContactComponent.

    src/app/pages/contact/contact.component.ts:13:15:
[37m      13 Ôöé   templateUrl: [32m'./contact.component.html'[37m,
         ÔòÁ                [32m~~~~~~~~~~~~~~~~~~~~~~~~~~[0m


[31mX [41;31m[[41;97mERROR[41;31m][0m [1mNG5002: Parser Error: Missing 
expected ) at column 39 in [onInputChange('email', ($event.target as 
HTMLInputElement).value)] in C:\Users\nicla\Documents\coding\Personal-Website\s
rc\app\pages\contact\contact.component.html@68:19[0m [1m[35m[plugin 
angular-compiler][0m

    src/app/pages/contact/contact.component.html:88:30:
[37m      88 Ôöé           [class.is-invalid]="[32merrors['message'][37m"
         ÔòÁ                               [32m~~~~~~~~~~~~~~~~~[0m

  Error occurs in the template of component ContactComponent.

    src/app/pages/contact/contact.component.ts:13:15:
[37m      13 Ôöé   templateUrl: [32m'./contact.component.html'[37m,
         ÔòÁ                [32m~~~~~~~~~~~~~~~~~~~~~~~~~~[0m


[31mX [41;31m[[41;97mERROR[41;31m][0m [1mNG5002: Parser Error: Missing 
expected ) at column 41 in [onInputChange('message', ($event.target as 
HTMLTextAreaElement).value)] in C:\Users\nicla\Documents\coding\Personal-Websit
e\src\app\pages\contact\contact.component.html@84:19[0m [1m[35m[plugin 
angular-compiler][0m

    src/app/pages/contact/contact.component.html:88:30:
[37m      88 Ôöé           [class.is-invalid]="[32merrors['message'][37m"
         ÔòÁ                               [32m~~~~~~~~~~~~~~~~~[0m

  Error occurs in the template of component ContactComponent.

    src/app/pages/contact/contact.component.ts:13:15:
[37m      13 Ôöé   templateUrl: [32m'./contact.component.html'[37m,
         ÔòÁ                [32m~~~~~~~~~~~~~~~~~~~~~~~~~~[0m


[31mX [41;31m[[41;97mERROR[41;31m][0m [1mNG5002: Parser Error: 
Unexpected token ')' at column 64 in [onInputChange('name', ($event.target as 
HTMLInputElement).value)] in C:\Users\nicla\Documents\coding\Personal-Website\s
rc\app\pages\contact\contact.component.html@51:19[0m [1m[35m[plugin 
angular-compiler][0m

    src/app/pages/contact/contact.component.html:88:30:
[37m      88 Ôöé           [class.is-invalid]="[32merrors['message'][37m"
         ÔòÁ                               [32m~~~~~~~~~~~~~~~~~[0m

  Error occurs in the template of component ContactComponent.

    src/app/pages/contact/contact.component.ts:13:15:
[37m      13 Ôöé   templateUrl: [32m'./contact.component.html'[37m,
         ÔòÁ                [32m~~~~~~~~~~~~~~~~~~~~~~~~~~[0m


[31mX [41;31m[[41;97mERROR[41;31m][0m [1mNG5002: Parser Error: 
Unexpected token ')' at column 65 in [onInputChange('email', ($event.target as 
HTMLInputElement).value)] in C:\Users\nicla\Documents\coding\Personal-Website\s
rc\app\pages\contact\contact.component.html@68:19[0m [1m[35m[plugin 
angular-compiler][0m

    src/app/pages/contact/contact.component.html:88:30:
[37m      88 Ôöé           [class.is-invalid]="[32merrors['message'][37m"
         ÔòÁ                               [32m~~~~~~~~~~~~~~~~~[0m

  Error occurs in the template of component ContactComponent.

    src/app/pages/contact/contact.component.ts:13:15:
[37m      13 Ôöé   templateUrl: [32m'./contact.component.html'[37m,
         ÔòÁ                [32m~~~~~~~~~~~~~~~~~~~~~~~~~~[0m


[31mX [41;31m[[41;97mERROR[41;31m][0m [1mNG5002: Parser Error: 
Unexpected token ')' at column 70 in [onInputChange('message', ($event.target 
as HTMLTextAreaElement).value)] in C:\Users\nicla\Documents\coding\Personal-Web
site\src\app\pages\contact\contact.component.html@84:19[0m [1m[35m[plugin 
angular-compiler][0m

    src/app/pages/contact/contact.component.html:88:30:
[37m      88 Ôöé           [class.is-invalid]="[32merrors['message'][37m"
         ÔòÁ                               [32m~~~~~~~~~~~~~~~~~[0m

  Error occurs in the template of component ContactComponent.

    src/app/pages/contact/contact.component.ts:13:15:
[37m      13 Ôöé   templateUrl: [32m'./contact.component.html'[37m,
         ÔòÁ                [32m~~~~~~~~~~~~~~~~~~~~~~~~~~[0m


[31mX [41;31m[[41;97mERROR[41;31m][0m [1mNG5002: Parser Error: Missing 
expected ) at column 38 in [onInputChange('name', ($event.target as 
HTMLInputElement).value)] in C:\Users\nicla\Documents\coding\Personal-Website\s
rc\app\pages\contact\contact.component.html@51:19[0m [1m[35m[plugin 
angular-compiler][0m

    src/app/pages/contact/contact.component.html:91:35:
[37m      91 Ôöé         <div class="error-message" 
[32m*ngIf="errors['message']"[37m>
         ÔòÁ                                    
[32m~~~~~~~~~~~~~~~~~~~~~~~~~[0m

  Error occurs in the template of component ContactComponent.

    src/app/pages/contact/contact.component.ts:13:15:
[37m      13 Ôöé   templateUrl: [32m'./contact.component.html'[37m,
         ÔòÁ                [32m~~~~~~~~~~~~~~~~~~~~~~~~~~[0m


[31mX [41;31m[[41;97mERROR[41;31m][0m [1mNG5002: Parser Error: Missing 
expected ) at column 39 in [onInputChange('email', ($event.target as 
HTMLInputElement).value)] in C:\Users\nicla\Documents\coding\Personal-Website\s
rc\app\pages\contact\contact.component.html@68:19[0m [1m[35m[plugin 
angular-compiler][0m

    src/app/pages/contact/contact.component.html:91:35:
[37m      91 Ôöé         <div class="error-message" 
[32m*ngIf="errors['message']"[37m>
         ÔòÁ                                    
[32m~~~~~~~~~~~~~~~~~~~~~~~~~[0m

  Error occurs in the template of component ContactComponent.

    src/app/pages/contact/contact.component.ts:13:15:
[37m      13 Ôöé   templateUrl: [32m'./contact.component.html'[37m,
         ÔòÁ                [32m~~~~~~~~~~~~~~~~~~~~~~~~~~[0m


[31mX [41;31m[[41;97mERROR[41;31m][0m [1mNG5002: Parser Error: Missing 
expected ) at column 41 in [onInputChange('message', ($event.target as 
HTMLTextAreaElement).value)] in C:\Users\nicla\Documents\coding\Personal-Websit
e\src\app\pages\contact\contact.component.html@84:19[0m [1m[35m[plugin 
angular-compiler][0m

    src/app/pages/contact/contact.component.html:91:35:
[37m      91 Ôöé         <div class="error-message" 
[32m*ngIf="errors['message']"[37m>
         ÔòÁ                                    
[32m~~~~~~~~~~~~~~~~~~~~~~~~~[0m

  Error occurs in the template of component ContactComponent.

    src/app/pages/contact/contact.component.ts:13:15:
[37m      13 Ôöé   templateUrl: [32m'./contact.component.html'[37m,
         ÔòÁ                [32m~~~~~~~~~~~~~~~~~~~~~~~~~~[0m


[31mX [41;31m[[41;97mERROR[41;31m][0m [1mNG5002: Parser Error: 
Unexpected token ')' at column 64 in [onInputChange('name', ($event.target as 
HTMLInputElement).value)] in C:\Users\nicla\Documents\coding\Personal-Website\s
rc\app\pages\contact\contact.component.html@51:19[0m [1m[35m[plugin 
angular-compiler][0m

    src/app/pages/contact/contact.component.html:91:35:
[37m      91 Ôöé         <div class="error-message" 
[32m*ngIf="errors['message']"[37m>
         ÔòÁ                                    
[32m~~~~~~~~~~~~~~~~~~~~~~~~~[0m

  Error occurs in the template of component ContactComponent.

    src/app/pages/contact/contact.component.ts:13:15:
[37m      13 Ôöé   templateUrl: [32m'./contact.component.html'[37m,
         ÔòÁ                [32m~~~~~~~~~~~~~~~~~~~~~~~~~~[0m


[31mX [41;31m[[41;97mERROR[41;31m][0m [1mNG5002: Parser Error: 
Unexpected token ')' at column 65 in [onInputChange('email', ($event.target as 
HTMLInputElement).value)] in C:\Users\nicla\Documents\coding\Personal-Website\s
rc\app\pages\contact\contact.component.html@68:19[0m [1m[35m[plugin 
angular-compiler][0m

    src/app/pages/contact/contact.component.html:91:35:
[37m      91 Ôöé         <div class="error-message" 
[32m*ngIf="errors['message']"[37m>
         ÔòÁ                                    
[32m~~~~~~~~~~~~~~~~~~~~~~~~~[0m

  Error occurs in the template of component ContactComponent.

    src/app/pages/contact/contact.component.ts:13:15:
[37m      13 Ôöé   templateUrl: [32m'./contact.component.html'[37m,
         ÔòÁ                [32m~~~~~~~~~~~~~~~~~~~~~~~~~~[0m


[31mX [41;31m[[41;97mERROR[41;31m][0m [1mNG5002: Parser Error: 
Unexpected token ')' at column 70 in [onInputChange('message', ($event.target 
as HTMLTextAreaElement).value)] in C:\Users\nicla\Documents\coding\Personal-Web
site\src\app\pages\contact\contact.component.html@84:19[0m [1m[35m[plugin 
angular-compiler][0m

    src/app/pages/contact/contact.component.html:91:35:
[37m      91 Ôöé         <div class="error-message" 
[32m*ngIf="errors['message']"[37m>
         ÔòÁ                                    
[32m~~~~~~~~~~~~~~~~~~~~~~~~~[0m

  Error occurs in the template of component ContactComponent.

    src/app/pages/contact/contact.component.ts:13:15:
[37m      13 Ôöé   templateUrl: [32m'./contact.component.html'[37m,
         ÔòÁ                [32m~~~~~~~~~~~~~~~~~~~~~~~~~~[0m


[31mX [41;31m[[41;97mERROR[41;31m][0m [1mNG5002: Parser Error: Missing 
expected ) at column 38 in [onInputChange('name', ($event.target as 
HTMLInputElement).value)] in C:\Users\nicla\Documents\coding\Personal-Website\s
rc\app\pages\contact\contact.component.html@51:19[0m [1m[35m[plugin 
angular-compiler][0m

    src/app/pages/contact/contact.component.html:92:10:
[37m      92 Ôöé           [32m{{ errors['message'] }}[37m
         ÔòÁ           [32m~~~~~~~~~~~~~~~~~~~~~~~[0m

  Error occurs in the template of component ContactComponent.

    src/app/pages/contact/contact.component.ts:13:15:
[37m      13 Ôöé   templateUrl: [32m'./contact.component.html'[37m,
         ÔòÁ                [32m~~~~~~~~~~~~~~~~~~~~~~~~~~[0m


[31mX [41;31m[[41;97mERROR[41;31m][0m [1mNG5002: Parser Error: Missing 
expected ) at column 39 in [onInputChange('email', ($event.target as 
HTMLInputElement).value)] in C:\Users\nicla\Documents\coding\Personal-Website\s
rc\app\pages\contact\contact.component.html@68:19[0m [1m[35m[plugin 
angular-compiler][0m

    src/app/pages/contact/contact.component.html:92:10:
[37m      92 Ôöé           [32m{{ errors['message'] }}[37m
         ÔòÁ           [32m~~~~~~~~~~~~~~~~~~~~~~~[0m

  Error occurs in the template of component ContactComponent.

    src/app/pages/contact/contact.component.ts:13:15:
[37m      13 Ôöé   templateUrl: [32m'./contact.component.html'[37m,
         ÔòÁ                [32m~~~~~~~~~~~~~~~~~~~~~~~~~~[0m


[31mX [41;31m[[41;97mERROR[41;31m][0m [1mNG5002: Parser Error: Missing 
expected ) at column 41 in [onInputChange('message', ($event.target as 
HTMLTextAreaElement).value)] in C:\Users\nicla\Documents\coding\Personal-Websit
e\src\app\pages\contact\contact.component.html@84:19[0m [1m[35m[plugin 
angular-compiler][0m

    src/app/pages/contact/contact.component.html:92:10:
[37m      92 Ôöé           [32m{{ errors['message'] }}[37m
         ÔòÁ           [32m~~~~~~~~~~~~~~~~~~~~~~~[0m

  Error occurs in the template of component ContactComponent.

    src/app/pages/contact/contact.component.ts:13:15:
[37m      13 Ôöé   templateUrl: [32m'./contact.component.html'[37m,
         ÔòÁ                [32m~~~~~~~~~~~~~~~~~~~~~~~~~~[0m


[31mX [41;31m[[41;97mERROR[41;31m][0m [1mNG5002: Parser Error: 
Unexpected token ')' at column 64 in [onInputChange('name', ($event.target as 
HTMLInputElement).value)] in C:\Users\nicla\Documents\coding\Personal-Website\s
rc\app\pages\contact\contact.component.html@51:19[0m [1m[35m[plugin 
angular-compiler][0m

    src/app/pages/contact/contact.component.html:92:10:
[37m      92 Ôöé           [32m{{ errors['message'] }}[37m
         ÔòÁ           [32m~~~~~~~~~~~~~~~~~~~~~~~[0m

  Error occurs in the template of component ContactComponent.

    src/app/pages/contact/contact.component.ts:13:15:
[37m      13 Ôöé   templateUrl: [32m'./contact.component.html'[37m,
         ÔòÁ                [32m~~~~~~~~~~~~~~~~~~~~~~~~~~[0m


[31mX [41;31m[[41;97mERROR[41;31m][0m [1mNG5002: Parser Error: 
Unexpected token ')' at column 65 in [onInputChange('email', ($event.target as 
HTMLInputElement).value)] in C:\Users\nicla\Documents\coding\Personal-Website\s
rc\app\pages\contact\contact.component.html@68:19[0m [1m[35m[plugin 
angular-compiler][0m

    src/app/pages/contact/contact.component.html:92:10:
[37m      92 Ôöé           [32m{{ errors['message'] }}[37m
         ÔòÁ           [32m~~~~~~~~~~~~~~~~~~~~~~~[0m

  Error occurs in the template of component ContactComponent.

    src/app/pages/contact/contact.component.ts:13:15:
[37m      13 Ôöé   templateUrl: [32m'./contact.component.html'[37m,
         ÔòÁ                [32m~~~~~~~~~~~~~~~~~~~~~~~~~~[0m


[31mX [41;31m[[41;97mERROR[41;31m][0m [1mNG5002: Parser Error: 
Unexpected token ')' at column 70 in [onInputChange('message', ($event.target 
as HTMLTextAreaElement).value)] in C:\Users\nicla\Documents\coding\Personal-Web
site\src\app\pages\contact\contact.component.html@84:19[0m [1m[35m[plugin 
angular-compiler][0m

    src/app/pages/contact/contact.component.html:92:10:
[37m      92 Ôöé           [32m{{ errors['message'] }}[37m
         ÔòÁ           [32m~~~~~~~~~~~~~~~~~~~~~~~[0m

  Error occurs in the template of component ContactComponent.

    src/app/pages/contact/contact.component.ts:13:15:
[37m      13 Ôöé   templateUrl: [32m'./contact.component.html'[37m,
         ÔòÁ                [32m~~~~~~~~~~~~~~~~~~~~~~~~~~[0m


[31mX [41;31m[[41;97mERROR[41;31m][0m [1mNG5002: Parser Error: Missing 
expected ) at column 38 in [onInputChange('name', ($event.target as 
HTMLInputElement).value)] in C:\Users\nicla\Documents\coding\Personal-Website\s
rc\app\pages\contact\contact.component.html@51:19[0m [1m[35m[plugin 
angular-compiler][0m

    src/app/pages/contact/contact.component.html:100:42:
[37m      100 Ôöé         <button type="submit" 
[disabled]="[32misSubmitting[37m">
          ÔòÁ                                           [32m~~~~~~~~~~~~[0m

  Error occurs in the template of component ContactComponent.

    src/app/pages/contact/contact.component.ts:13:15:
[37m      13 Ôöé   templateUrl: [32m'./contact.component.html'[37m,
         ÔòÁ                [32m~~~~~~~~~~~~~~~~~~~~~~~~~~[0m


[31mX [41;31m[[41;97mERROR[41;31m][0m [1mNG5002: Parser Error: Missing 
expected ) at column 39 in [onInputChange('email', ($event.target as 
HTMLInputElement).value)] in C:\Users\nicla\Documents\coding\Personal-Website\s
rc\app\pages\contact\contact.component.html@68:19[0m [1m[35m[plugin 
angular-compiler][0m

    src/app/pages/contact/contact.component.html:100:42:
[37m      100 Ôöé         <button type="submit" 
[disabled]="[32misSubmitting[37m">
          ÔòÁ                                           [32m~~~~~~~~~~~~[0m

  Error occurs in the template of component ContactComponent.

    src/app/pages/contact/contact.component.ts:13:15:
[37m      13 Ôöé   templateUrl: [32m'./contact.component.html'[37m,
         ÔòÁ                [32m~~~~~~~~~~~~~~~~~~~~~~~~~~[0m


[31mX [41;31m[[41;97mERROR[41;31m][0m [1mNG5002: Parser Error: Missing 
expected ) at column 41 in [onInputChange('message', ($event.target as 
HTMLTextAreaElement).value)] in C:\Users\nicla\Documents\coding\Personal-Websit
e\src\app\pages\contact\contact.component.html@84:19[0m [1m[35m[plugin 
angular-compiler][0m

    src/app/pages/contact/contact.component.html:100:42:
[37m      100 Ôöé         <button type="submit" 
[disabled]="[32misSubmitting[37m">
          ÔòÁ                                           [32m~~~~~~~~~~~~[0m

  Error occurs in the template of component ContactComponent.

    src/app/pages/contact/contact.component.ts:13:15:
[37m      13 Ôöé   templateUrl: [32m'./contact.component.html'[37m,
         ÔòÁ                [32m~~~~~~~~~~~~~~~~~~~~~~~~~~[0m


[31mX [41;31m[[41;97mERROR[41;31m][0m [1mNG5002: Parser Error: 
Unexpected token ')' at column 64 in [onInputChange('name', ($event.target as 
HTMLInputElement).value)] in C:\Users\nicla\Documents\coding\Personal-Website\s
rc\app\pages\contact\contact.component.html@51:19[0m [1m[35m[plugin 
angular-compiler][0m

    src/app/pages/contact/contact.component.html:100:42:
[37m      100 Ôöé         <button type="submit" 
[disabled]="[32misSubmitting[37m">
          ÔòÁ                                           [32m~~~~~~~~~~~~[0m

  Error occurs in the template of component ContactComponent.

    src/app/pages/contact/contact.component.ts:13:15:
[37m      13 Ôöé   templateUrl: [32m'./contact.component.html'[37m,
         ÔòÁ                [32m~~~~~~~~~~~~~~~~~~~~~~~~~~[0m


[31mX [41;31m[[41;97mERROR[41;31m][0m [1mNG5002: Parser Error: 
Unexpected token ')' at column 65 in [onInputChange('email', ($event.target as 
HTMLInputElement).value)] in C:\Users\nicla\Documents\coding\Personal-Website\s
rc\app\pages\contact\contact.component.html@68:19[0m [1m[35m[plugin 
angular-compiler][0m

    src/app/pages/contact/contact.component.html:100:42:
[37m      100 Ôöé         <button type="submit" 
[disabled]="[32misSubmitting[37m">
          ÔòÁ                                           [32m~~~~~~~~~~~~[0m

  Error occurs in the template of component ContactComponent.

    src/app/pages/contact/contact.component.ts:13:15:
[37m      13 Ôöé   templateUrl: [32m'./contact.component.html'[37m,
         ÔòÁ                [32m~~~~~~~~~~~~~~~~~~~~~~~~~~[0m


[31mX [41;31m[[41;97mERROR[41;31m][0m [1mNG5002: Parser Error: 
Unexpected token ')' at column 70 in [onInputChange('message', ($event.target 
as HTMLTextAreaElement).value)] in C:\Users\nicla\Documents\coding\Personal-Web
site\src\app\pages\contact\contact.component.html@84:19[0m [1m[35m[plugin 
angular-compiler][0m

    src/app/pages/contact/contact.component.html:100:42:
[37m      100 Ôöé         <button type="submit" 
[disabled]="[32misSubmitting[37m">
          ÔòÁ                                           [32m~~~~~~~~~~~~[0m

  Error occurs in the template of component ContactComponent.

    src/app/pages/contact/contact.component.ts:13:15:
[37m      13 Ôöé   templateUrl: [32m'./contact.component.html'[37m,
         ÔòÁ                [32m~~~~~~~~~~~~~~~~~~~~~~~~~~[0m


[31mX [41;31m[[41;97mERROR[41;31m][0m [1mNG5002: Parser Error: Missing 
expected ) at column 38 in [onInputChange('name', ($event.target as 
HTMLInputElement).value)] in C:\Users\nicla\Documents\coding\Personal-Website\s
rc\app\pages\contact\contact.component.html@51:19[0m [1m[35m[plugin 
angular-compiler][0m

    src/app/pages/contact/contact.component.html:101:10:
[37m      101 Ôöé           [32m{{ isSubmitting ? 'Sending...' : 'Send 
Message' }}[37m
          ÔòÁ           
[32m~~~~~~~~~~~~~~~~~~~~~~~~~~~~~~~~~~~~~~~~~~~~~~~~~~[0m

  Error occurs in the template of component ContactComponent.

    src/app/pages/contact/contact.component.ts:13:15:
[37m      13 Ôöé   templateUrl: [32m'./contact.component.html'[37m,
         ÔòÁ                [32m~~~~~~~~~~~~~~~~~~~~~~~~~~[0m


[31mX [41;31m[[41;97mERROR[41;31m][0m [1mNG5002: Parser Error: Missing 
expected ) at column 39 in [onInputChange('email', ($event.target as 
HTMLInputElement).value)] in C:\Users\nicla\Documents\coding\Personal-Website\s
rc\app\pages\contact\contact.component.html@68:19[0m [1m[35m[plugin 
angular-compiler][0m

    src/app/pages/contact/contact.component.html:101:10:
[37m      101 Ôöé           [32m{{ isSubmitting ? 'Sending...' : 'Send 
Message' }}[37m
          ÔòÁ           
[32m~~~~~~~~~~~~~~~~~~~~~~~~~~~~~~~~~~~~~~~~~~~~~~~~~~[0m

  Error occurs in the template of component ContactComponent.

    src/app/pages/contact/contact.component.ts:13:15:
[37m      13 Ôöé   templateUrl: [32m'./contact.component.html'[37m,
         ÔòÁ                [32m~~~~~~~~~~~~~~~~~~~~~~~~~~[0m


[31mX [41;31m[[41;97mERROR[41;31m][0m [1mNG5002: Parser Error: Missing 
expected ) at column 41 in [onInputChange('message', ($event.target as 
HTMLTextAreaElement).value)] in C:\Users\nicla\Documents\coding\Personal-Websit
e\src\app\pages\contact\contact.component.html@84:19[0m [1m[35m[plugin 
angular-compiler][0m

    src/app/pages/contact/contact.component.html:101:10:
[37m      101 Ôöé           [32m{{ isSubmitting ? 'Sending...' : 'Send 
Message' }}[37m
          ÔòÁ           
[32m~~~~~~~~~~~~~~~~~~~~~~~~~~~~~~~~~~~~~~~~~~~~~~~~~~[0m

  Error occurs in the template of component ContactComponent.

    src/app/pages/contact/contact.component.ts:13:15:
[37m      13 Ôöé   templateUrl: [32m'./contact.component.html'[37m,
         ÔòÁ                [32m~~~~~~~~~~~~~~~~~~~~~~~~~~[0m


[31mX [41;31m[[41;97mERROR[41;31m][0m [1mNG5002: Parser Error: 
Unexpected token ')' at column 64 in [onInputChange('name', ($event.target as 
HTMLInputElement).value)] in C:\Users\nicla\Documents\coding\Personal-Website\s
rc\app\pages\contact\contact.component.html@51:19[0m [1m[35m[plugin 
angular-compiler][0m

    src/app/pages/contact/contact.component.html:101:10:
[37m      101 Ôöé           [32m{{ isSubmitting ? 'Sending...' : 'Send 
Message' }}[37m
          ÔòÁ           
[32m~~~~~~~~~~~~~~~~~~~~~~~~~~~~~~~~~~~~~~~~~~~~~~~~~~[0m

  Error occurs in the template of component ContactComponent.

    src/app/pages/contact/contact.component.ts:13:15:
[37m      13 Ôöé   templateUrl: [32m'./contact.component.html'[37m,
         ÔòÁ                [32m~~~~~~~~~~~~~~~~~~~~~~~~~~[0m


[31mX [41;31m[[41;97mERROR[41;31m][0m [1mNG5002: Parser Error: 
Unexpected token ')' at column 65 in [onInputChange('email', ($event.target as 
HTMLInputElement).value)] in C:\Users\nicla\Documents\coding\Personal-Website\s
rc\app\pages\contact\contact.component.html@68:19[0m [1m[35m[plugin 
angular-compiler][0m

    src/app/pages/contact/contact.component.html:101:10:
[37m      101 Ôöé           [32m{{ isSubmitting ? 'Sending...' : 'Send 
Message' }}[37m
          ÔòÁ           
[32m~~~~~~~~~~~~~~~~~~~~~~~~~~~~~~~~~~~~~~~~~~~~~~~~~~[0m

  Error occurs in the template of component ContactComponent.

    src/app/pages/contact/contact.component.ts:13:15:
[37m      13 Ôöé   templateUrl: [32m'./contact.component.html'[37m,
         ÔòÁ                [32m~~~~~~~~~~~~~~~~~~~~~~~~~~[0m


[31mX [41;31m[[41;97mERROR[41;31m][0m [1mNG5002: Parser Error: 
Unexpected token ')' at column 70 in [onInputChange('message', ($event.target 
as HTMLTextAreaElement).value)] in C:\Users\nicla\Documents\coding\Personal-Web
site\src\app\pages\contact\contact.component.html@84:19[0m [1m[35m[plugin 
angular-compiler][0m

    src/app/pages/contact/contact.component.html:101:10:
[37m      101 Ôöé           [32m{{ isSubmitting ? 'Sending...' : 'Send 
Message' }}[37m
          ÔòÁ           
[32m~~~~~~~~~~~~~~~~~~~~~~~~~~~~~~~~~~~~~~~~~~~~~~~~~~[0m

  Error occurs in the template of component ContactComponent.

    src/app/pages/contact/contact.component.ts:13:15:
[37m      13 Ôöé   templateUrl: [32m'./contact.component.html'[37m,
         ÔòÁ                [32m~~~~~~~~~~~~~~~~~~~~~~~~~~[0m


[31mX [41;31m[[41;97mERROR[41;31m][0m [1mNG5002: Parser Error: Missing 
expected ) at column 38 in [onInputChange('name', ($event.target as 
HTMLInputElement).value)] in C:\Users\nicla\Documents\coding\Personal-Website\s
rc\app\pages\contact\contact.component.html@51:19[0m [1m[35m[plugin 
angular-compiler][0m

    src/app/pages/contact/contact.component.html:105:34:
[37m      105 Ôöé ...status-message" [32m*ngIf="submitStatus !== 
'idle'"[37m [class.success...
          ÔòÁ                    [32m~~~~~~~~~~~~~~~~~~~~~~~~~~~~~~~[0m

  Error occurs in the template of component ContactComponent.

    src/app/pages/contact/contact.component.ts:13:15:
[37m      13 Ôöé   templateUrl: [32m'./contact.component.html'[37m,
         ÔòÁ                [32m~~~~~~~~~~~~~~~~~~~~~~~~~~[0m


[31mX [41;31m[[41;97mERROR[41;31m][0m [1mNG5002: Parser Error: Missing 
expected ) at column 39 in [onInputChange('email', ($event.target as 
HTMLInputElement).value)] in C:\Users\nicla\Documents\coding\Personal-Website\s
rc\app\pages\contact\contact.component.html@68:19[0m [1m[35m[plugin 
angular-compiler][0m

    src/app/pages/contact/contact.component.html:105:34:
[37m      105 Ôöé ...status-message" [32m*ngIf="submitStatus !== 
'idle'"[37m [class.success...
          ÔòÁ                    [32m~~~~~~~~~~~~~~~~~~~~~~~~~~~~~~~[0m

  Error occurs in the template of component ContactComponent.

    src/app/pages/contact/contact.component.ts:13:15:
[37m      13 Ôöé   templateUrl: [32m'./contact.component.html'[37m,
         ÔòÁ                [32m~~~~~~~~~~~~~~~~~~~~~~~~~~[0m


[31mX [41;31m[[41;97mERROR[41;31m][0m [1mNG5002: Parser Error: Missing 
expected ) at column 41 in [onInputChange('message', ($event.target as 
HTMLTextAreaElement).value)] in C:\Users\nicla\Documents\coding\Personal-Websit
e\src\app\pages\contact\contact.component.html@84:19[0m [1m[35m[plugin 
angular-compiler][0m

    src/app/pages/contact/contact.component.html:105:34:
[37m      105 Ôöé ...status-message" [32m*ngIf="submitStatus !== 
'idle'"[37m [class.success...
          ÔòÁ                    [32m~~~~~~~~~~~~~~~~~~~~~~~~~~~~~~~[0m

  Error occurs in the template of component ContactComponent.

    src/app/pages/contact/contact.component.ts:13:15:
[37m      13 Ôöé   templateUrl: [32m'./contact.component.html'[37m,
         ÔòÁ                [32m~~~~~~~~~~~~~~~~~~~~~~~~~~[0m


[31mX [41;31m[[41;97mERROR[41;31m][0m [1mNG5002: Parser Error: 
Unexpected token ')' at column 64 in [onInputChange('name', ($event.target as 
HTMLInputElement).value)] in C:\Users\nicla\Documents\coding\Personal-Website\s
rc\app\pages\contact\contact.component.html@51:19[0m [1m[35m[plugin 
angular-compiler][0m

    src/app/pages/contact/contact.component.html:105:34:
[37m      105 Ôöé ...status-message" [32m*ngIf="submitStatus !== 
'idle'"[37m [class.success...
          ÔòÁ                    [32m~~~~~~~~~~~~~~~~~~~~~~~~~~~~~~~[0m

  Error occurs in the template of component ContactComponent.

    src/app/pages/contact/contact.component.ts:13:15:
[37m      13 Ôöé   templateUrl: [32m'./contact.component.html'[37m,
         ÔòÁ                [32m~~~~~~~~~~~~~~~~~~~~~~~~~~[0m


[31mX [41;31m[[41;97mERROR[41;31m][0m [1mNG5002: Parser Error: 
Unexpected token ')' at column 65 in [onInputChange('email', ($event.target as 
HTMLInputElement).value)] in C:\Users\nicla\Documents\coding\Personal-Website\s
rc\app\pages\contact\contact.component.html@68:19[0m [1m[35m[plugin 
angular-compiler][0m

    src/app/pages/contact/contact.component.html:105:34:
[37m      105 Ôöé ...status-message" [32m*ngIf="submitStatus !== 
'idle'"[37m [class.success...
          ÔòÁ                    [32m~~~~~~~~~~~~~~~~~~~~~~~~~~~~~~~[0m

  Error occurs in the template of component ContactComponent.

    src/app/pages/contact/contact.component.ts:13:15:
[37m      13 Ôöé   templateUrl: [32m'./contact.component.html'[37m,
         ÔòÁ                [32m~~~~~~~~~~~~~~~~~~~~~~~~~~[0m


[31mX [41;31m[[41;97mERROR[41;31m][0m [1mNG5002: Parser Error: 
Unexpected token ')' at column 70 in [onInputChange('message', ($event.target 
as HTMLTextAreaElement).value)] in C:\Users\nicla\Documents\coding\Personal-Web
site\src\app\pages\contact\contact.component.html@84:19[0m [1m[35m[plugin 
angular-compiler][0m

    src/app/pages/contact/contact.component.html:105:34:
[37m      105 Ôöé ...status-message" [32m*ngIf="submitStatus !== 
'idle'"[37m [class.success...
          ÔòÁ                    [32m~~~~~~~~~~~~~~~~~~~~~~~~~~~~~~~[0m

  Error occurs in the template of component ContactComponent.

    src/app/pages/contact/contact.component.ts:13:15:
[37m      13 Ôöé   templateUrl: [32m'./contact.component.html'[37m,
         ÔòÁ                [32m~~~~~~~~~~~~~~~~~~~~~~~~~~[0m


[31mX [41;31m[[41;97mERROR[41;31m][0m [1mNG5002: Parser Error: Missing 
expected ) at column 38 in [onInputChange('name', ($event.target as 
HTMLInputElement).value)] in C:\Users\nicla\Documents\coding\Personal-Website\s
rc\app\pages\contact\contact.component.html@51:19[0m [1m[35m[plugin 
angular-compiler][0m

    src/app/pages/contact/contact.component.html:105:83:
[37m      105 Ôöé ... [class.success]="[32msubmitStatus === 'success'[37m" 
[class.error]="s...
          ÔòÁ                      [32m~~~~~~~~~~~~~~~~~~~~~~~~~~[0m

  Error occurs in the template of component ContactComponent.

    src/app/pages/contact/contact.component.ts:13:15:
[37m      13 Ôöé   templateUrl: [32m'./contact.component.html'[37m,
         ÔòÁ                [32m~~~~~~~~~~~~~~~~~~~~~~~~~~[0m


[31mX [41;31m[[41;97mERROR[41;31m][0m [1mNG5002: Parser Error: Missing 
expected ) at column 39 in [onInputChange('email', ($event.target as 
HTMLInputElement).value)] in C:\Users\nicla\Documents\coding\Personal-Website\s
rc\app\pages\contact\contact.component.html@68:19[0m [1m[35m[plugin 
angular-compiler][0m

    src/app/pages/contact/contact.component.html:105:83:
[37m      105 Ôöé ... [class.success]="[32msubmitStatus === 'success'[37m" 
[class.error]="s...
          ÔòÁ                      [32m~~~~~~~~~~~~~~~~~~~~~~~~~~[0m

  Error occurs in the template of component ContactComponent.

    src/app/pages/contact/contact.component.ts:13:15:
[37m      13 Ôöé   templateUrl: [32m'./contact.component.html'[37m,
         ÔòÁ                [32m~~~~~~~~~~~~~~~~~~~~~~~~~~[0m


[31mX [41;31m[[41;97mERROR[41;31m][0m [1mNG5002: Parser Error: Missing 
expected ) at column 41 in [onInputChange('message', ($event.target as 
HTMLTextAreaElement).value)] in C:\Users\nicla\Documents\coding\Personal-Websit
e\src\app\pages\contact\contact.component.html@84:19[0m [1m[35m[plugin 
angular-compiler][0m

    src/app/pages/contact/contact.component.html:105:83:
[37m      105 Ôöé ... [class.success]="[32msubmitStatus === 'success'[37m" 
[class.error]="s...
          ÔòÁ                      [32m~~~~~~~~~~~~~~~~~~~~~~~~~~[0m

  Error occurs in the template of component ContactComponent.

    src/app/pages/contact/contact.component.ts:13:15:
[37m      13 Ôöé   templateUrl: [32m'./contact.component.html'[37m,
         ÔòÁ                [32m~~~~~~~~~~~~~~~~~~~~~~~~~~[0m


[31mX [41;31m[[41;97mERROR[41;31m][0m [1mNG5002: Parser Error: 
Unexpected token ')' at column 64 in [onInputChange('name', ($event.target as 
HTMLInputElement).value)] in C:\Users\nicla\Documents\coding\Personal-Website\s
rc\app\pages\contact\contact.component.html@51:19[0m [1m[35m[plugin 
angular-compiler][0m

    src/app/pages/contact/contact.component.html:105:83:
[37m      105 Ôöé ... [class.success]="[32msubmitStatus === 'success'[37m" 
[class.error]="s...
          ÔòÁ                      [32m~~~~~~~~~~~~~~~~~~~~~~~~~~[0m

  Error occurs in the template of component ContactComponent.

    src/app/pages/contact/contact.component.ts:13:15:
[37m      13 Ôöé   templateUrl: [32m'./contact.component.html'[37m,
         ÔòÁ                [32m~~~~~~~~~~~~~~~~~~~~~~~~~~[0m


[31mX [41;31m[[41;97mERROR[41;31m][0m [1mNG5002: Parser Error: 
Unexpected token ')' at column 65 in [onInputChange('email', ($event.target as 
HTMLInputElement).value)] in C:\Users\nicla\Documents\coding\Personal-Website\s
rc\app\pages\contact\contact.component.html@68:19[0m [1m[35m[plugin 
angular-compiler][0m

    src/app/pages/contact/contact.component.html:105:83:
[37m      105 Ôöé ... [class.success]="[32msubmitStatus === 'success'[37m" 
[class.error]="s...
          ÔòÁ                      [32m~~~~~~~~~~~~~~~~~~~~~~~~~~[0m

  Error occurs in the template of component ContactComponent.

    src/app/pages/contact/contact.component.ts:13:15:
[37m      13 Ôöé   templateUrl: [32m'./contact.component.html'[37m,
         ÔòÁ                [32m~~~~~~~~~~~~~~~~~~~~~~~~~~[0m


[31mX [41;31m[[41;97mERROR[41;31m][0m [1mNG5002: Parser Error: 
Unexpected token ')' at column 70 in [onInputChange('message', ($event.target 
as HTMLTextAreaElement).value)] in C:\Users\nicla\Documents\coding\Personal-Web
site\src\app\pages\contact\contact.component.html@84:19[0m [1m[35m[plugin 
angular-compiler][0m

    src/app/pages/contact/contact.component.html:105:83:
[37m      105 Ôöé ... [class.success]="[32msubmitStatus === 'success'[37m" 
[class.error]="s...
          ÔòÁ                      [32m~~~~~~~~~~~~~~~~~~~~~~~~~~[0m

  Error occurs in the template of component ContactComponent.

    src/app/pages/contact/contact.component.ts:13:15:
[37m      13 Ôöé   templateUrl: [32m'./contact.component.html'[37m,
         ÔòÁ                [32m~~~~~~~~~~~~~~~~~~~~~~~~~~[0m


[31mX [41;31m[[41;97mERROR[41;31m][0m [1mNG5002: Parser Error: Missing 
expected ) at column 38 in [onInputChange('name', ($event.target as 
HTMLInputElement).value)] in C:\Users\nicla\Documents\coding\Personal-Website\s
rc\app\pages\contact\contact.component.html@51:19[0m [1m[35m[plugin 
angular-compiler][0m

    src/app/pages/contact/contact.component.html:105:126:
[37m      105 Ôöé ...itStatus === 'success'" [class.error]="[32msubmitStatus 
=== 'error'[37m">
          ÔòÁ                                           
[32m~~~~~~~~~~~~~~~~~~~~~~~~[0m

  Error occurs in the template of component ContactComponent.

    src/app/pages/contact/contact.component.ts:13:15:
[37m      13 Ôöé   templateUrl: [32m'./contact.component.html'[37m,
         ÔòÁ                [32m~~~~~~~~~~~~~~~~~~~~~~~~~~[0m


[31mX [41;31m[[41;97mERROR[41;31m][0m [1mNG5002: Parser Error: Missing 
expected ) at column 39 in [onInputChange('email', ($event.target as 
HTMLInputElement).value)] in C:\Users\nicla\Documents\coding\Personal-Website\s
rc\app\pages\contact\contact.component.html@68:19[0m [1m[35m[plugin 
angular-compiler][0m

    src/app/pages/contact/contact.component.html:105:126:
[37m      105 Ôöé ...itStatus === 'success'" [class.error]="[32msubmitStatus 
=== 'error'[37m">
          ÔòÁ                                           
[32m~~~~~~~~~~~~~~~~~~~~~~~~[0m

  Error occurs in the template of component ContactComponent.

    src/app/pages/contact/contact.component.ts:13:15:
[37m      13 Ôöé   templateUrl: [32m'./contact.component.html'[37m,
         ÔòÁ                [32m~~~~~~~~~~~~~~~~~~~~~~~~~~[0m


[31mX [41;31m[[41;97mERROR[41;31m][0m [1mNG5002: Parser Error: Missing 
expected ) at column 41 in [onInputChange('message', ($event.target as 
HTMLTextAreaElement).value)] in C:\Users\nicla\Documents\coding\Personal-Websit
e\src\app\pages\contact\contact.component.html@84:19[0m [1m[35m[plugin 
angular-compiler][0m

    src/app/pages/contact/contact.component.html:105:126:
[37m      105 Ôöé ...itStatus === 'success'" [class.error]="[32msubmitStatus 
=== 'error'[37m">
          ÔòÁ                                           
[32m~~~~~~~~~~~~~~~~~~~~~~~~[0m

  Error occurs in the template of component ContactComponent.

    src/app/pages/contact/contact.component.ts:13:15:
[37m      13 Ôöé   templateUrl: [32m'./contact.component.html'[37m,
         ÔòÁ                [32m~~~~~~~~~~~~~~~~~~~~~~~~~~[0m


[31mX [41;31m[[41;97mERROR[41;31m][0m [1mNG5002: Parser Error: 
Unexpected token ')' at column 64 in [onInputChange('name', ($event.target as 
HTMLInputElement).value)] in C:\Users\nicla\Documents\coding\Personal-Website\s
rc\app\pages\contact\contact.component.html@51:19[0m [1m[35m[plugin 
angular-compiler][0m

    src/app/pages/contact/contact.component.html:105:126:
[37m      105 Ôöé ...itStatus === 'success'" [class.error]="[32msubmitStatus 
=== 'error'[37m">
          ÔòÁ                                           
[32m~~~~~~~~~~~~~~~~~~~~~~~~[0m

  Error occurs in the template of component ContactComponent.

    src/app/pages/contact/contact.component.ts:13:15:
[37m      13 Ôöé   templateUrl: [32m'./contact.component.html'[37m,
         ÔòÁ                [32m~~~~~~~~~~~~~~~~~~~~~~~~~~[0m


[31mX [41;31m[[41;97mERROR[41;31m][0m [1mNG5002: Parser Error: 
Unexpected token ')' at column 65 in [onInputChange('email', ($event.target as 
HTMLInputElement).value)] in C:\Users\nicla\Documents\coding\Personal-Website\s
rc\app\pages\contact\contact.component.html@68:19[0m [1m[35m[plugin 
angular-compiler][0m

    src/app/pages/contact/contact.component.html:105:126:
[37m      105 Ôöé ...itStatus === 'success'" [class.error]="[32msubmitStatus 
=== 'error'[37m">
          ÔòÁ                                           
[32m~~~~~~~~~~~~~~~~~~~~~~~~[0m

  Error occurs in the template of component ContactComponent.

    src/app/pages/contact/contact.component.ts:13:15:
[37m      13 Ôöé   templateUrl: [32m'./contact.component.html'[37m,
         ÔòÁ                [32m~~~~~~~~~~~~~~~~~~~~~~~~~~[0m


[31mX [41;31m[[41;97mERROR[41;31m][0m [1mNG5002: Parser Error: 
Unexpected token ')' at column 70 in [onInputChange('message', ($event.target 
as HTMLTextAreaElement).value)] in C:\Users\nicla\Documents\coding\Personal-Web
site\src\app\pages\contact\contact.component.html@84:19[0m [1m[35m[plugin 
angular-compiler][0m

    src/app/pages/contact/contact.component.html:105:126:
[37m      105 Ôöé ...itStatus === 'success'" [class.error]="[32msubmitStatus 
=== 'error'[37m">
          ÔòÁ                                           
[32m~~~~~~~~~~~~~~~~~~~~~~~~[0m

  Error occurs in the template of component ContactComponent.

    src/app/pages/contact/contact.component.ts:13:15:
[37m      13 Ôöé   templateUrl: [32m'./contact.component.html'[37m,
         ÔòÁ                [32m~~~~~~~~~~~~~~~~~~~~~~~~~~[0m


[31mX [41;31m[[41;97mERROR[41;31m][0m [1mNG5002: Parser Error: Missing 
expected ) at column 38 in [onInputChange('name', ($event.target as 
HTMLInputElement).value)] in C:\Users\nicla\Documents\coding\Personal-Website\s
rc\app\pages\contact\contact.component.html@51:19[0m [1m[35m[plugin 
angular-compiler][0m

    src/app/pages/contact/contact.component.html:106:8:
[37m      106 Ôöé         [32m{{ submitMessage }}[37m
          ÔòÁ         [32m~~~~~~~~~~~~~~~~~~~[0m

  Error occurs in the template of component ContactComponent.

    src/app/pages/contact/contact.component.ts:13:15:
[37m      13 Ôöé   templateUrl: [32m'./contact.component.html'[37m,
         ÔòÁ                [32m~~~~~~~~~~~~~~~~~~~~~~~~~~[0m


[31mX [41;31m[[41;97mERROR[41;31m][0m [1mNG5002: Parser Error: Missing 
expected ) at column 39 in [onInputChange('email', ($event.target as 
HTMLInputElement).value)] in C:\Users\nicla\Documents\coding\Personal-Website\s
rc\app\pages\contact\contact.component.html@68:19[0m [1m[35m[plugin 
angular-compiler][0m

    src/app/pages/contact/contact.component.html:106:8:
[37m      106 Ôöé         [32m{{ submitMessage }}[37m
          ÔòÁ         [32m~~~~~~~~~~~~~~~~~~~[0m

  Error occurs in the template of component ContactComponent.

    src/app/pages/contact/contact.component.ts:13:15:
[37m      13 Ôöé   templateUrl: [32m'./contact.component.html'[37m,
         ÔòÁ                [32m~~~~~~~~~~~~~~~~~~~~~~~~~~[0m


[31mX [41;31m[[41;97mERROR[41;31m][0m [1mNG5002: Parser Error: Missing 
expected ) at column 41 in [onInputChange('message', ($event.target as 
HTMLTextAreaElement).value)] in C:\Users\nicla\Documents\coding\Personal-Websit
e\src\app\pages\contact\contact.component.html@84:19[0m [1m[35m[plugin 
angular-compiler][0m

    src/app/pages/contact/contact.component.html:106:8:
[37m      106 Ôöé         [32m{{ submitMessage }}[37m
          ÔòÁ         [32m~~~~~~~~~~~~~~~~~~~[0m

  Error occurs in the template of component ContactComponent.

    src/app/pages/contact/contact.component.ts:13:15:
[37m      13 Ôöé   templateUrl: [32m'./contact.component.html'[37m,
         ÔòÁ                [32m~~~~~~~~~~~~~~~~~~~~~~~~~~[0m


[31mX [41;31m[[41;97mERROR[41;31m][0m [1mNG5002: Parser Error: 
Unexpected token ')' at column 64 in [onInputChange('name', ($event.target as 
HTMLInputElement).value)] in C:\Users\nicla\Documents\coding\Personal-Website\s
rc\app\pages\contact\contact.component.html@51:19[0m [1m[35m[plugin 
angular-compiler][0m

    src/app/pages/contact/contact.component.html:106:8:
[37m      106 Ôöé         [32m{{ submitMessage }}[37m
          ÔòÁ         [32m~~~~~~~~~~~~~~~~~~~[0m

  Error occurs in the template of component ContactComponent.

    src/app/pages/contact/contact.component.ts:13:15:
[37m      13 Ôöé   templateUrl: [32m'./contact.component.html'[37m,
         ÔòÁ                [32m~~~~~~~~~~~~~~~~~~~~~~~~~~[0m


[31mX [41;31m[[41;97mERROR[41;31m][0m [1mNG5002: Parser Error: 
Unexpected token ')' at column 65 in [onInputChange('email', ($event.target as 
HTMLInputElement).value)] in C:\Users\nicla\Documents\coding\Personal-Website\s
rc\app\pages\contact\contact.component.html@68:19[0m [1m[35m[plugin 
angular-compiler][0m

    src/app/pages/contact/contact.component.html:106:8:
[37m      106 Ôöé         [32m{{ submitMessage }}[37m
          ÔòÁ         [32m~~~~~~~~~~~~~~~~~~~[0m

  Error occurs in the template of component ContactComponent.

    src/app/pages/contact/contact.component.ts:13:15:
[37m      13 Ôöé   templateUrl: [32m'./contact.component.html'[37m,
         ÔòÁ                [32m~~~~~~~~~~~~~~~~~~~~~~~~~~[0m


[31mX [41;31m[[41;97mERROR[41;31m][0m [1mNG5002: Parser Error: 
Unexpected token ')' at column 70 in [onInputChange('message', ($event.target 
as HTMLTextAreaElement).value)] in C:\Users\nicla\Documents\coding\Personal-Web
site\src\app\pages\contact\contact.component.html@84:19[0m [1m[35m[plugin 
angular-compiler][0m

    src/app/pages/contact/contact.component.html:106:8:
[37m      106 Ôöé         [32m{{ submitMessage }}[37m
          ÔòÁ         [32m~~~~~~~~~~~~~~~~~~~[0m

  Error occurs in the template of component ContactComponent.

    src/app/pages/contact/contact.component.ts:13:15:
[37m      13 Ôöé   templateUrl: [32m'./contact.component.html'[37m,
         ÔòÁ                [32m~~~~~~~~~~~~~~~~~~~~~~~~~~[0m


[31mX [41;31m[[41;97mERROR[41;31m][0m [1mNG5002: Parser Error: Missing 
expected ) at column 38 in [onInputChange('name', ($event.target as 
HTMLInputElement).value)] in C:\Users\nicla\Documents\coding\Personal-Website\s
rc\app\pages\contact\contact.component.html@51:19[0m [1m[35m[plugin 
angular-compiler][0m

    src/app/pages/contact/contact.component.html:110:33:
[37m      110 Ôöé ...success-message" [32m*ngIf="submitted && submitStatus 
=== 'success'"[37m>
          ÔòÁ                     
[32m~~~~~~~~~~~~~~~~~~~~~~~~~~~~~~~~~~~~~~~~~~~~~~~[0m

  Error occurs in the template of component ContactComponent.

    src/app/pages/contact/contact.component.ts:13:15:
[37m      13 Ôöé   templateUrl: [32m'./contact.component.html'[37m,
         ÔòÁ                [32m~~~~~~~~~~~~~~~~~~~~~~~~~~[0m


[31mX [41;31m[[41;97mERROR[41;31m][0m [1mNG5002: Parser Error: Missing 
expected ) at column 39 in [onInputChange('email', ($event.target as 
HTMLInputElement).value)] in C:\Users\nicla\Documents\coding\Personal-Website\s
rc\app\pages\contact\contact.component.html@68:19[0m [1m[35m[plugin 
angular-compiler][0m

    src/app/pages/contact/contact.component.html:110:33:
[37m      110 Ôöé ...success-message" [32m*ngIf="submitted && submitStatus 
=== 'success'"[37m>
          ÔòÁ                     
[32m~~~~~~~~~~~~~~~~~~~~~~~~~~~~~~~~~~~~~~~~~~~~~~~[0m

  Error occurs in the template of component ContactComponent.

    src/app/pages/contact/contact.component.ts:13:15:
[37m      13 Ôöé   templateUrl: [32m'./contact.component.html'[37m,
         ÔòÁ                [32m~~~~~~~~~~~~~~~~~~~~~~~~~~[0m


[31mX [41;31m[[41;97mERROR[41;31m][0m [1mNG5002: Parser Error: Missing 
expected ) at column 41 in [onInputChange('message', ($event.target as 
HTMLTextAreaElement).value)] in C:\Users\nicla\Documents\coding\Personal-Websit
e\src\app\pages\contact\contact.component.html@84:19[0m [1m[35m[plugin 
angular-compiler][0m

    src/app/pages/contact/contact.component.html:110:33:
[37m      110 Ôöé ...success-message" [32m*ngIf="submitted && submitStatus 
=== 'success'"[37m>
          ÔòÁ                     
[32m~~~~~~~~~~~~~~~~~~~~~~~~~~~~~~~~~~~~~~~~~~~~~~~[0m

  Error occurs in the template of component ContactComponent.

    src/app/pages/contact/contact.component.ts:13:15:
[37m      13 Ôöé   templateUrl: [32m'./contact.component.html'[37m,
         ÔòÁ                [32m~~~~~~~~~~~~~~~~~~~~~~~~~~[0m


[31mX [41;31m[[41;97mERROR[41;31m][0m [1mNG5002: Parser Error: 
Unexpected token ')' at column 64 in [onInputChange('name', ($event.target as 
HTMLInputElement).value)] in C:\Users\nicla\Documents\coding\Personal-Website\s
rc\app\pages\contact\contact.component.html@51:19[0m [1m[35m[plugin 
angular-compiler][0m

    src/app/pages/contact/contact.component.html:110:33:
[37m      110 Ôöé ...success-message" [32m*ngIf="submitted && submitStatus 
=== 'success'"[37m>
          ÔòÁ                     
[32m~~~~~~~~~~~~~~~~~~~~~~~~~~~~~~~~~~~~~~~~~~~~~~~[0m

  Error occurs in the template of component ContactComponent.

    src/app/pages/contact/contact.component.ts:13:15:
[37m      13 Ôöé   templateUrl: [32m'./contact.component.html'[37m,
         ÔòÁ                [32m~~~~~~~~~~~~~~~~~~~~~~~~~~[0m


[31mX [41;31m[[41;97mERROR[41;31m][0m [1mNG5002: Parser Error: 
Unexpected token ')' at column 65 in [onInputChange('email', ($event.target as 
HTMLInputElement).value)] in C:\Users\nicla\Documents\coding\Personal-Website\s
rc\app\pages\contact\contact.component.html@68:19[0m [1m[35m[plugin 
angular-compiler][0m

    src/app/pages/contact/contact.component.html:110:33:
[37m      110 Ôöé ...success-message" [32m*ngIf="submitted && submitStatus 
=== 'success'"[37m>
          ÔòÁ                     
[32m~~~~~~~~~~~~~~~~~~~~~~~~~~~~~~~~~~~~~~~~~~~~~~~[0m

  Error occurs in the template of component ContactComponent.

    src/app/pages/contact/contact.component.ts:13:15:
[37m      13 Ôöé   templateUrl: [32m'./contact.component.html'[37m,
         ÔòÁ                [32m~~~~~~~~~~~~~~~~~~~~~~~~~~[0m


[31mX [41;31m[[41;97mERROR[41;31m][0m [1mNG5002: Parser Error: 
Unexpected token ')' at column 70 in [onInputChange('message', ($event.target 
as HTMLTextAreaElement).value)] in C:\Users\nicla\Documents\coding\Personal-Web
site\src\app\pages\contact\contact.component.html@84:19[0m [1m[35m[plugin 
angular-compiler][0m

    src/app/pages/contact/contact.component.html:110:33:
[37m      110 Ôöé ...success-message" [32m*ngIf="submitted && submitStatus 
=== 'success'"[37m>
          ÔòÁ                     
[32m~~~~~~~~~~~~~~~~~~~~~~~~~~~~~~~~~~~~~~~~~~~~~~~[0m

  Error occurs in the template of component ContactComponent.

    src/app/pages/contact/contact.component.ts:13:15:
[37m      13 Ôöé   templateUrl: [32m'./contact.component.html'[37m,
         ÔòÁ                [32m~~~~~~~~~~~~~~~~~~~~~~~~~~[0m


[31mX [41;31m[[41;97mERROR[41;31m][0m [1mNG5002: Parser Error: Missing 
expected ) at column 38 in [onInputChange('name', ($event.target as 
HTMLInputElement).value)] in C:\Users\nicla\Documents\coding\Personal-Website\s
rc\app\pages\contact\contact.component.html@51:19[0m [1m[35m[plugin 
angular-compiler][0m

    src/app/pages/contact/contact.component.html:112:9:
[37m      112 Ôöé       <p>[32m{{ submitMessage }}[37m</p>
          ÔòÁ          [32m~~~~~~~~~~~~~~~~~~~[0m

  Error occurs in the template of component ContactComponent.

    src/app/pages/contact/contact.component.ts:13:15:
[37m      13 Ôöé   templateUrl: [32m'./contact.component.html'[37m,
         ÔòÁ                [32m~~~~~~~~~~~~~~~~~~~~~~~~~~[0m


[31mX [41;31m[[41;97mERROR[41;31m][0m [1mNG5002: Parser Error: Missing 
expected ) at column 39 in [onInputChange('email', ($event.target as 
HTMLInputElement).value)] in C:\Users\nicla\Documents\coding\Personal-Website\s
rc\app\pages\contact\contact.component.html@68:19[0m [1m[35m[plugin 
angular-compiler][0m

    src/app/pages/contact/contact.component.html:112:9:
[37m      112 Ôöé       <p>[32m{{ submitMessage }}[37m</p>
          ÔòÁ          [32m~~~~~~~~~~~~~~~~~~~[0m

  Error occurs in the template of component ContactComponent.

    src/app/pages/contact/contact.component.ts:13:15:
[37m      13 Ôöé   templateUrl: [32m'./contact.component.html'[37m,
         ÔòÁ                [32m~~~~~~~~~~~~~~~~~~~~~~~~~~[0m


[31mX [41;31m[[41;97mERROR[41;31m][0m [1mNG5002: Parser Error: Missing 
expected ) at column 41 in [onInputChange('message', ($event.target as 
HTMLTextAreaElement).value)] in C:\Users\nicla\Documents\coding\Personal-Websit
e\src\app\pages\contact\contact.component.html@84:19[0m [1m[35m[plugin 
angular-compiler][0m

    src/app/pages/contact/contact.component.html:112:9:
[37m      112 Ôöé       <p>[32m{{ submitMessage }}[37m</p>
          ÔòÁ          [32m~~~~~~~~~~~~~~~~~~~[0m

  Error occurs in the template of component ContactComponent.

    src/app/pages/contact/contact.component.ts:13:15:
[37m      13 Ôöé   templateUrl: [32m'./contact.component.html'[37m,
         ÔòÁ                [32m~~~~~~~~~~~~~~~~~~~~~~~~~~[0m


[31mX [41;31m[[41;97mERROR[41;31m][0m [1mNG5002: Parser Error: 
Unexpected token ')' at column 64 in [onInputChange('name', ($event.target as 
HTMLInputElement).value)] in C:\Users\nicla\Documents\coding\Personal-Website\s
rc\app\pages\contact\contact.component.html@51:19[0m [1m[35m[plugin 
angular-compiler][0m

    src/app/pages/contact/contact.component.html:112:9:
[37m      112 Ôöé       <p>[32m{{ submitMessage }}[37m</p>
          ÔòÁ          [32m~~~~~~~~~~~~~~~~~~~[0m

  Error occurs in the template of component ContactComponent.

    src/app/pages/contact/contact.component.ts:13:15:
[37m      13 Ôöé   templateUrl: [32m'./contact.component.html'[37m,
         ÔòÁ                [32m~~~~~~~~~~~~~~~~~~~~~~~~~~[0m


[31mX [41;31m[[41;97mERROR[41;31m][0m [1mNG5002: Parser Error: 
Unexpected token ')' at column 65 in [onInputChange('email', ($event.target as 
HTMLInputElement).value)] in C:\Users\nicla\Documents\coding\Personal-Website\s
rc\app\pages\contact\contact.component.html@68:19[0m [1m[35m[plugin 
angular-compiler][0m

    src/app/pages/contact/contact.component.html:112:9:
[37m      112 Ôöé       <p>[32m{{ submitMessage }}[37m</p>
          ÔòÁ          [32m~~~~~~~~~~~~~~~~~~~[0m

  Error occurs in the template of component ContactComponent.

    src/app/pages/contact/contact.component.ts:13:15:
[37m      13 Ôöé   templateUrl: [32m'./contact.component.html'[37m,
         ÔòÁ                [32m~~~~~~~~~~~~~~~~~~~~~~~~~~[0m


[31mX [41;31m[[41;97mERROR[41;31m][0m [1mNG5002: Parser Error: 
Unexpected token ')' at column 70 in [onInputChange('message', ($event.target 
as HTMLTextAreaElement).value)] in C:\Users\nicla\Documents\coding\Personal-Web
site\src\app\pages\contact\contact.component.html@84:19[0m [1m[35m[plugin 
angular-compiler][0m

    src/app/pages/contact/contact.component.html:112:9:
[37m      112 Ôöé       <p>[32m{{ submitMessage }}[37m</p>
          ÔòÁ          [32m~~~~~~~~~~~~~~~~~~~[0m

  Error occurs in the template of component ContactComponent.

    src/app/pages/contact/contact.component.ts:13:15:
[37m      13 Ôöé   templateUrl: [32m'./contact.component.html'[37m,
         ÔòÁ                [32m~~~~~~~~~~~~~~~~~~~~~~~~~~[0m

[39m[22m
